{
  "optionA": "A is OK",
  "optionB": -10323.0123,
  "optionC": false
}